﻿
> build
> vite build

[36mvite v8.0.7 [32mbuilding client environment for production...[36m[39m
[2K
transforming...Γ£ô 71 modules transformed.
node.exe : [31mΓ£ù[39m Build failed in 1.11s
At line:1 char:1
+ & "C:\Program Files\nodejs/node.exe" "C:\Program Files\nodejs/node_mo ...
+ ~~~~~~~~~~~~~~~~~~~~~~~~~~~~~~~~~~~~~~~~~~~~~~~~~~~~~~~~~~~~~~~~~~~~~
    + CategoryInfo          : NotSpecified: ([31mΓ£ù[39m Build failed in 1.11s:String) [], RemoteException
    + FullyQualifiedErrorId : NativeCommandError
 
[31merror during build:
[31mBuild failed with 1 error:

[plugin vite:vue] C:/Users/riska/Desktop/IOT/resources/js/Pages/Dashboard.vue:45:5
RolldownError: v-else/v-else-if has no adjacent v-if or v-else-if.
SyntaxError: v-else/v-else-if has no adjacent v-if or v-else-if.
    at createCompilerError 
(C:\Users\riska\Desktop\IOT\node_modules\@vue\compiler-core\dist\compiler-core.cjs.prod.js:1374:17)
    at processIf (C:\Users\riska\Desktop\IOT\node_modules\@vue\compiler-core\dist\compiler-core.cjs.prod.js:4697:11)
    at C:\Users\riska\Desktop\IOT\node_modules\@vue\compiler-core\dist\compiler-core.cjs.prod.js:4607:12
    at Array.<anonymous> 
(C:\Users\riska\Desktop\IOT\node_modules\@vue\compiler-core\dist\compiler-core.cjs.prod.js:3606:26)
    at traverseNode (C:\Users\riska\Desktop\IOT\node_modules\@vue\compiler-core\dist\compiler-core.cjs.prod.js:3548:38)
    at traverseChildren 
(C:\Users\riska\Desktop\IOT\node_modules\@vue\compiler-core\dist\compiler-core.cjs.prod.js:3540:5)
    at traverseNode (C:\Users\riska\Desktop\IOT\node_modules\@vue\compiler-core\dist\compiler-core.cjs.prod.js:3583:7)
    at traverseChildren 
(C:\Users\riska\Desktop\IOT\node_modules\@vue\compiler-core\dist\compiler-core.cjs.prod.js:3540:5)
    at traverseNode (C:\Users\riska\Desktop\IOT\node_modules\@vue\compiler-core\dist\compiler-core.cjs.prod.js:3583:7)
    at transform 
(C:\Users\riska\Desktop\IOT\node_modules\@vue\compiler-core\dist\compiler-core.cjs.prod.js:3479:3)[31m
    at aggregateBindingErrorsIntoJsError 
(file:///C:/Users/riska/Desktop/IOT/node_modules/rolldown/dist/shared/error-DBGOT6sf.mjs:48:18)
    at unwrapBindingResult 
(file:///C:/Users/riska/Desktop/IOT/node_modules/rolldown/dist/shared/error-DBGOT6sf.mjs:18:128)
    at #build 
(file:///C:/Users/riska/Desktop/IOT/node_modules/rolldown/dist/shared/rolldown-build-hRnqgxyz.mjs:3313:34)
    at async buildEnvironment (file:///C:/Users/riska/Desktop/IOT/node_modules/vite/dist/node/chunks/node.js:32954:64)
    at async Object.build (file:///C:/Users/riska/Desktop/IOT/node_modules/vite/dist/node/chunks/node.js:33376:19)
    at async Object.buildApp (file:///C:/Users/riska/Desktop/IOT/node_modules/vite/dist/node/chunks/node.js:33373:153)
    at async CAC.<anonymous> (file:///C:/Users/riska/Desktop/IOT/node_modules/vite/dist/node/cli.js:778:3) {
  errors: [Getter/Setter]
}[39m
